TAP version 13
# Subtest: missing shampoo still exposes the shampoo cadence target with null current frequency
ok 1 - missing shampoo still exposes the shampoo cadence target with null current frequency
  ---
  duration_ms: 3.9205
  ...
# Subtest: conditioner follows the shampoo target and does not exceed shampoo cadence
ok 2 - conditioner follows the shampoo target and does not exceed shampoo cadence
  ---
  duration_ms: 0.680041
  ...
# Subtest: leave-in exposes a high need target for curly dry frizzy tangled hair
ok 3 - leave-in exposes a high need target for curly dry frizzy tangled hair
  ---
  duration_ms: 0.571833
  ...
# Subtest: daily mask and oil are overuse against need-based support targets
ok 4 - daily mask and oil are overuse against need-based support targets
  ---
  duration_ms: 0.712292
  ...
# Subtest: frequency target mapper projects need-based and reset policy without raw profile facts
ok 5 - frequency target mapper projects need-based and reset policy without raw profile facts
  ---
  duration_ms: 0.385792
  ...
# Subtest: heat protectant target follows supported heat styling exposure
ok 6 - heat protectant target follows supported heat styling exposure
  ---
  duration_ms: 0.503833
  ...
# Subtest: hot air brush requires heat protectant at the saved heat styling frequency
ok 7 - hot air brush requires heat protectant at the saved heat styling frequency
  ---
  duration_ms: 0.261125
  ...
# Subtest: blow dryer and diffuser alone do not create a heat protectant target
ok 8 - blow dryer and diffuser alone do not create a heat protectant target
  ---
  duration_ms: 0.220958
  ...
# Subtest: never heat styling keeps heat protectant target null even with a selected heat tool
ok 9 - never heat styling keeps heat protectant target null even with a selected heat tool
  ---
  duration_ms: 0.399125
  ...
# Subtest: bondbuilder high damage allows weekly to twice weekly but not daily
ok 10 - bondbuilder high damage allows weekly to twice weekly but not daily
  ---
  duration_ms: 1.315083
  ...
# Subtest: deep cleansing reaches weekly only for strong buildup without vulnerability
ok 11 - deep cleansing reaches weekly only for strong buildup without vulnerability
  ---
  duration_ms: 0.387042
  ...
# Subtest: peeling target caps low on irritated scalp
ok 12 - peeling target caps low on irritated scalp
  ---
  duration_ms: 0.260417
  ...
# Subtest: dry shampoo daily is overuse and remains a bridge target only
ok 13 - dry shampoo daily is overuse and remains a bridge target only
  ---
  duration_ms: 0.184625
  ...
# Subtest: agent care balance context serializes the frequency target
ok 14 - agent care balance context serializes the frequency target
  ---
  duration_ms: 0.325958
  ...
# Subtest: exact catalog bundle rejects foreign or incomplete canonical protocol scopes
ok 15 - exact catalog bundle rejects foreign or incomplete canonical protocol scopes
  ---
  duration_ms: 4.239541
  ...
# Subtest: exact catalog bundle is byte-stable and its default preflight is read-only
ok 16 - exact catalog bundle is byte-stable and its default preflight is read-only
  ---
  duration_ms: 8.960458
  ...
# Subtest: exact catalog bundle accepts same-role Leave-in variants only when their application families differ
ok 17 - exact catalog bundle accepts same-role Leave-in variants only when their application families differ
  ---
  duration_ms: 3.07575
  ...
# Subtest: exact catalog bundle compares a legacy Leave-in V1 family against its derived V2 identity
ok 18 - exact catalog bundle compares a legacy Leave-in V1 family against its derived V2 identity
  ---
  duration_ms: 0.618625
  ...
# Subtest: exact catalog bundle preflight refuses any persisted protocol authority drift and accepts identical replay
ok 19 - exact catalog bundle preflight refuses any persisted protocol authority drift and accepts identical replay
  ---
  duration_ms: 2.732666
  ...
# Subtest: exact catalog bundle preflight accepts only the deterministic legacy Mask source text upgrade
ok 20 - exact catalog bundle preflight accepts only the deterministic legacy Mask source text upgrade
  ---
  duration_ms: 1.376791
  ...
# Subtest: exact catalog bundle migration keeps the apply path atomic, conflict-safe, and private
ok 21 - exact catalog bundle migration keeps the apply path atomic, conflict-safe, and private
  ---
  duration_ms: 7.9395
  ...
# Subtest: exact catalog bundle heat protocol migration maps canonical heat fields without widening access
ok 22 - exact catalog bundle heat protocol migration maps canonical heat fields without widening access
  ---
  duration_ms: 0.669458
  ...
# Subtest: exact catalog bundle Oil migration creates a missing exact spec row without widening access
ok 23 - exact catalog bundle Oil migration creates a missing exact spec row without widening access
  ---
  duration_ms: 0.709541
  ...
# Subtest: exact catalog bundle apply requires the reviewed head and a clean worktree
ok 24 - exact catalog bundle apply requires the reviewed head and a clean worktree
  ---
  duration_ms: 1.00525
  ...
# Subtest: reviewed exact bundles are schema-valid, cohort-bound, and globally unique
ok 25 - reviewed exact bundles are schema-valid, cohort-bound, and globally unique
  ---
  duration_ms: 30.772042
  ...
# Subtest: uses exact Bondbuilder courses only for the selected matching product and role
ok 26 - uses exact Bondbuilder courses only for the selected matching product and role
  ---
  duration_ms: 0.796416
  ...
# Subtest: normalizes approved legacy Scalp Care cadence and preserves fallback provenance
ok 27 - normalizes approved legacy Scalp Care cadence and preserves fallback provenance
  ---
  duration_ms: 0.12275
  ...
# Subtest: never promotes mismatched or suitability-only protocol cadence and keeps the generic fallback
ok 28 - never promotes mismatched or suitability-only protocol cadence and keeps the generic fallback
  ---
  duration_ms: 0.102458
  ...
# Subtest: keeps category-owned cadence authoritative even when an exact protocol has a schedule
ok 29 - keeps category-owned cadence authoritative even when an exact protocol has a schedule
  ---
  duration_ms: 0.085333
  ...
# Subtest: formats every category-owned cadence kind without consulting product protocols
ok 30 - formats every category-owned cadence kind without consulting product protocols
  ---
  duration_ms: 0.10575
  ...
# Subtest: accepts the explicit delegated canonical cadence vocabulary only
ok 31 - accepts the explicit delegated canonical cadence vocabulary only
  ---
  duration_ms: 0.271583
  ...
# Subtest: rejects unsupported, blank, malformed, and wrong-role delegated cadence
ok 32 - rejects unsupported, blank, malformed, and wrong-role delegated cadence
  ---
  duration_ms: 0.074333
  ...
# Subtest: fails closed instead of choosing arbitrarily between duplicate exact cadence rows
ok 33 - fails closed instead of choosing arbitrarily between duplicate exact cadence rows
  ---
  duration_ms: 0.042084
  ...
# Subtest: normalizes the approved legacy daily Scalp Care shape
ok 34 - normalizes the approved legacy daily Scalp Care shape
  ---
  duration_ms: 0.150042
  ...
# Subtest: preserves legacy display fallbacks for old accepted Routine payloads
ok 35 - preserves legacy display fallbacks for old accepted Routine payloads
  ---
  duration_ms: 0.290875
  ...
# Subtest: fails closed when exact-product cadence authority cannot be read
ok 36 - fails closed when exact-product cadence authority cannot be read
  ---
  duration_ms: 0.298125
  ...
# Subtest: initial Routine compilation is deterministic and excludes volatile portfolio metadata
ok 37 - initial Routine compilation is deterministic and excludes volatile portfolio metadata
  ---
  duration_ms: 10.060958
  ...
# Subtest: freezes matching delegated exact cadence into the initial Routine and fingerprints its fact
ok 38 - freezes matching delegated exact cadence into the initial Routine and fingerprints its fact
  ---
  duration_ms: 0.435917
  ...
# Subtest: source revision participates in the compiler fingerprint
ok 39 - source revision participates in the compiler fingerprint
  ---
  duration_ms: 0.974917
  ...
# Subtest: compiler rejects a portfolio role without a resolved refined category decision
ok 40 - compiler rejects a portfolio role without a resolved refined category decision
  ---
  duration_ms: 0.491125
  ...
# Subtest: compiler fails closed on legacy supplemental product-load categories outside renderedOrder
ok 41 - compiler fails closed on legacy supplemental product-load categories outside renderedOrder
  ---
  duration_ms: 0.26225
  ...
# Subtest: compiler reads a frozen v3 planned replacement by decision key, not its shared role
ok 42 - compiler reads a frozen v3 planned replacement by decision key, not its shared role
  ---
  duration_ms: 3.691625
  ...
# Subtest: compiler gives a v3 selected replacement precedence over its pending source identity
ok 43 - compiler gives a v3 selected replacement precedence over its pending source identity
  ---
  duration_ms: 0.922584
  ...
# Subtest: compiler accepts v4 snapshots but never turns retained inventory into routine items
ok 44 - compiler accepts v4 snapshots but never turns retained inventory into routine items
  ---
  duration_ms: 2.299
  ...
# Subtest: compiler preserves a v1 pending assignment identity beside a same-role planned purchase
ok 45 - compiler preserves a v1 pending assignment identity beside a same-role planned purchase
  ---
  duration_ms: 0.667334
  ...
# Subtest: routine items take the role tier, not the category aggregate
ok 46 - routine items take the role tier, not the category aggregate
  ---
  duration_ms: 0.645708
  ...
# Subtest: categories without per-role tiers keep the category assessment
ok 47 - categories without per-role tiers keep the category assessment
  ---
  duration_ms: 0.647333
  ...
# Subtest: Stage 3 owns canonical PlanProductRole authorities without fixture provenance
ok 48 - Stage 3 owns canonical PlanProductRole authorities without fixture provenance
  ---
  duration_ms: 1.296167
  ...
# Subtest: every canonical role belongs to exactly one category policy
ok 49 - every canonical role belongs to exactly one category policy
  ---
  duration_ms: 0.123333
  ...
# Subtest: captured products require exact identity, owned state, and canonical ProductFrequency
ok 50 - captured products require exact identity, owned state, and canonical ProductFrequency
  ---
  duration_ms: 1.833833
  ...
# Subtest: role and decision schemas enforce category authority and explicit allowed choices
ok 51 - role and decision schemas enforce category authority and explicit allowed choices
  ---
  duration_ms: 1.760417
  ...
# Subtest: replacement resolutions retain their semantic action and selected candidate in canonical state
ok 52 - replacement resolutions retain their semantic action and selected candidate in canonical state
  ---
  duration_ms: 0.737
  ...
# Subtest: draft validation allows Conditioner coverage multiplicity but rejects duplicate Oil purpose ownership
ok 53 - draft validation allows Conditioner coverage multiplicity but rejects duplicate Oil purpose ownership
  ---
  duration_ms: 1.731125
  ...
# Subtest: decision subjects are derived per assigned product-role or explicit gap
ok 54 - decision subjects are derived per assigned product-role or explicit gap
  ---
  duration_ms: 0.279292
  ...
# Subtest: decision subjects keep category and role authority order after a reopened category is appended
ok 55 - decision subjects keep category and role authority order after a reopened category is appended
  ---
  duration_ms: 0.208292
  ...
# Subtest: need-revision drafts and inventory-only dispositions are first-class schema contracts
ok 56 - need-revision drafts and inventory-only dispositions are first-class schema contracts
  ---
  duration_ms: 2.409833
  ...
# Subtest: decision subjects cover unassigned captured inventory exactly once after role subjects
ok 57 - decision subjects cover unassigned captured inventory exactly once after role subjects
  ---
  duration_ms: 0.591209
  ...
# Subtest: an uncovered role can carry only an unassigned or planned-purchase decision
ok 58 - an uncovered role can carry only an unassigned or planned-purchase decision
  ---
  duration_ms: 1.427875
  ...
# Subtest: a pending source may retain a planned replacement only through select_replacement
ok 59 - a pending source may retain a planned replacement only through select_replacement
  ---
  duration_ms: 0.793625
  ...
# Subtest: uses the shared Conditioner authority and maps its selected product back to the image, commerce and reasoning facts
ok 60 - uses the shared Conditioner authority and maps its selected product back to the image, commerce and reasoning facts
  ---
  duration_ms: 13.602041
  ...
# Subtest: falls back to post_refinement when the shared authority product has no presentation image
ok 61 - falls back to post_refinement when the shared authority product has no presentation image
  ---
  duration_ms: 0.636666
  ...
# Subtest: a null currency fails closed to no price label on the Stage 1 preview path too
ok 62 - a null currency fails closed to no price label on the Stage 1 preview path too
  ---
  duration_ms: 0.666208
  ...
# Subtest: selects the thirteenth injected complete-mode irritation Shampoo candidate
ok 63 - selects the thirteenth injected complete-mode irritation Shampoo candidate
  ---
  duration_ms: 1.004292
  ...
# Subtest: surfaces a supportive Conditioner verdict for a basis decision now that supportive is allowed for basis categories
ok 64 - surfaces a supportive Conditioner verdict for a basis decision now that supportive is allowed for basis categories
  ---
  duration_ms: 0.720375
  ...
# Subtest: evaluates the recommended Oil itself instead of rejecting the uncovered-slot verdict
ok 65 - evaluates the recommended Oil itself instead of rejecting the uncovered-slot verdict
  ---
  duration_ms: 1.149083
  ...
# Subtest: evaluates an uncovered Scalp Care recommendation before exposing its image
ok 66 - evaluates an uncovered Scalp Care recommendation before exposing its image
  ---
  duration_ms: 0.624708
  ...
# Subtest: returns an exact-fit Mask preview and falls back on an unsuitable thickness
ok 67 - returns an exact-fit Mask preview and falls back on an unsuitable thickness
  ---
  duration_ms: 1.377791
  ...
# Subtest: uses a source-bound supportive Mask for both optional and required (basis) Mask decisions
ok 68 - uses a source-bound supportive Mask for both optional and required (basis) Mask decisions
  ---
  duration_ms: 2.265625
  ...
# Subtest: returns an exact-fit Bondbuilder preview and falls back on an unsuitable thickness
ok 69 - returns an exact-fit Bondbuilder preview and falls back on an unsuitable thickness
  ---
  duration_ms: 0.988542
  ...
# Subtest: a tied Bondbuilder shortlist previews the authority's tie default, not an illustration
ok 70 - a tied Bondbuilder shortlist previews the authority's tie default, not an illustration
  ---
  duration_ms: 0.554125
  ...
# Subtest: keeps a matching Shampoo preview and an explicit fallback when another category candidate load fails
ok 71 - keeps a matching Shampoo preview and an explicit fallback when another category candidate load fails
  ---
  duration_ms: 0.364208
  ...
# Subtest: emits one entry per required role, so a two-role Shampoo decision yields two previews
ok 72 - emits one entry per required role, so a two-role Shampoo decision yields two previews
  ---
  duration_ms: 0.298959
  ...
# Subtest: shares a single candidate load across every role of a role-insensitive multi-role category (Oil)
ok 73 - shares a single candidate load across every role of a role-insensitive multi-role category (Oil)
  ---
  duration_ms: 0.221917
  ...
# Subtest: issues a separate candidate load per role for Shampoo, whose spec is role-sensitive
ok 74 - issues a separate candidate load per role for Shampoo, whose spec is role-sensitive
  ---
  duration_ms: 0.205416
  ...
# Subtest: preview route enforces authentication before reading plan or catalog data
ok 75 - preview route enforces authentication before reading plan or catalog data
  ---
  duration_ms: 0.18125
  ...
# Subtest: preview route returns source-bound presentation data without mutating Stage 1
ok 76 - preview route returns source-bound presentation data without mutating Stage 1
  ---
  duration_ms: 3.099084
  ...
# Subtest: oily scalp with weekly_1x shampoo is below the high target
ok 77 - oily scalp with weekly_1x shampoo is below the high target
  ---
  duration_ms: 0.738792
  ...
# Subtest: oily scalp with weekly_2x shampoo is near the lower edge of the high target
ok 78 - oily scalp with weekly_2x shampoo is near the lower edge of the high target
  ---
  duration_ms: 0.098833
  ...
# Subtest: oily scalp with weekly_3_4x shampoo is near the preferred high target
ok 79 - oily scalp with weekly_3_4x shampoo is near the preferred high target
  ---
  duration_ms: 0.329167
  ...
# Subtest: oily scalp with weekly_5_6x shampoo is near the upper edge of the high target
ok 80 - oily scalp with weekly_5_6x shampoo is near the upper edge of the high target
  ---
  duration_ms: 0.092667
  ...
# Subtest: oily scalp with daily shampoo is above the high target
ok 81 - oily scalp with daily shampoo is above the high target
  ---
  duration_ms: 0.074458
  ...
# Subtest: balanced scalp maps to the medium target
ok 82 - balanced scalp maps to the medium target
  ---
  duration_ms: 0.058875
  ...
# Subtest: irritated scalp takes precedence over oily scalp type and exposes oily caveat
ok 83 - irritated scalp takes precedence over oily scalp type and exposes oily caveat
  ---
  duration_ms: 0.092917
  ...
# Subtest: dandruff maps to the high target
ok 84 - dandruff maps to the high target
  ---
  duration_ms: 0.045959
  ...
# Subtest: dry flakes map to the low target
ok 85 - dry flakes map to the low target
  ---
  duration_ms: 0.270375
  ...
# Subtest: balanced scalp with oily scalp concern moves up to the high target
ok 86 - balanced scalp with oily scalp concern moves up to the high target
  ---
  duration_ms: 0.307667
  ...
# Subtest: healthy scalp goal can move balanced scalp up one band
ok 87 - healthy scalp goal can move balanced scalp up one band
  ---
  duration_ms: 0.059292
  ...
# Subtest: multiple upward modifiers are capped to one band
ok 88 - multiple upward modifiers are capped to one band
  ---
  duration_ms: 0.085958
  ...
# Subtest: oily scalp with stacked fiber fragility moves down to the medium target
ok 89 - oily scalp with stacked fiber fragility moves down to the medium target
  ---
  duration_ms: 0.060791
  ...
# Subtest: oily scalp with up and down modifiers keeps the high base target and exposes both signals
ok 90 - oily scalp with up and down modifiers keeps the high base target and exposes both signals
  ---
  duration_ms: 0.04525
  ...
# Subtest: known scalp target with no shampoo frequency falls back to rare shampoo cadence
ok 91 - known scalp target with no shampoo frequency falls back to rare shampoo cadence
  ---
  duration_ms: 0.03375
  ...
# Subtest: less_than_monthly shampoo cadence is treated as current frequency and falls below oily target
ok 92 - less_than_monthly shampoo cadence is treated as current frequency and falls below oily target
  ---
  duration_ms: 0.085584
  ...
# Subtest: hidden unselected shampoo fallback is hidden from inventory but still drives cadence delta
ok 93 - hidden unselected shampoo fallback is hidden from inventory but still drives cadence delta
  ---
  duration_ms: 0.442292
  ...
# Subtest: visible shampoo with unknown frequency uses the same fallback as an empty shampoo row
ok 94 - visible shampoo with unknown frequency uses the same fallback as an empty shampoo row
  ---
  duration_ms: 0.040417
  ...
# Subtest: cadence-relevant likely reset assessment moves a balanced scalp up to the high target
ok 95 - cadence-relevant likely reset assessment moves a balanced scalp up to the high target
  ---
  duration_ms: 0.03875
  ...
# Subtest: strong reset assessment uses the same upward modifier as likely reset when cadence relevant
ok 96 - strong reset assessment uses the same upward modifier as likely reset when cadence relevant
  ---
  duration_ms: 0.03725
  ...
# Subtest: mineral-only reset assessment does not move shampoo cadence upward
ok 97 - mineral-only reset assessment does not move shampoo cadence upward
  ---
  duration_ms: 0.03525
  ...
# Subtest: weekly dry shampoo alone does not move shampoo cadence upward
ok 98 - weekly dry shampoo alone does not move shampoo cadence upward
  ---
  duration_ms: 0.036875
  ...
# Subtest: twice-weekly dry shampoo moves shampoo cadence upward one band
ok 99 - twice-weekly dry shampoo moves shampoo cadence upward one band
  ---
  duration_ms: 0.035625
  ...
# Subtest: dry-flake scalp condition outranks broad dandruff concern
ok 100 - dry-flake scalp condition outranks broad dandruff concern
  ---
  duration_ms: 0.036
  ...
# Subtest: dandruff concern without a specific scalp condition maps to the high target
ok 101 - dandruff concern without a specific scalp condition maps to the high target
  ---
  duration_ms: 0.031875
  ...
1..101
# tests 101
# suites 0
# pass 101
# fail 0
# cancelled 0
# skipped 0
# todo 0
# duration_ms 3373.709125
