TAP version 13
# (node:35049) ExperimentalWarning: The MockTimers API is an experimental feature and might change at any time
# (Use `node --trace-warnings ...` to show where the warning was created)
# Subtest: a stalled SDK close cannot hold a timeout result or leave a live request
not ok 1 - a stalled SDK close cannot hold a timeout result or leave a live request
  ---
  duration_ms: 15.291291
  location: '/Users/nick/AI_work/hair_conscierge/.worktrees/test-audit-pruning/tests/scan-dm-mcp-client.test.ts:2:3429'
  failureType: 'testCodeFailure'
  error: |-
    Expected values to be strictly equal:
    
    1 !== 0
    
  code: 'ERR_ASSERTION'
  name: 'AssertionError'
  expected: 0
  actual: 1
  operator: 'strictEqual'
  stack: |-
    TestContext.<anonymous> (/Users/nick/AI_work/hair_conscierge/.worktrees/test-audit-pruning/tests/scan-dm-mcp-client.test.ts:123:14)
    async Test.run (node:internal/test_runner/test:935:9)
    async startSubtestAfterBootstrap (node:internal/test_runner/harness:296:3)
  ...
1..1
# tests 1
# suites 0
# pass 0
# fail 1
# cancelled 0
# skipped 0
# todo 0
# duration_ms 321.545583
