TAP version 13
# Subtest: shared portrait figure keeps very-short own-body assets self-contained
ok 1 - shared portrait figure keeps very-short own-body assets self-contained
  ---
  duration_ms: 8.233083
  ...
# Subtest: shared hair-length card preserves the Personal Plan selected treatment
ok 2 - shared hair-length card preserves the Personal Plan selected treatment
  ---
  duration_ms: 3.309417
  ...
# Subtest: portrait manifest resolves every texture and length to its exact runtime filename
ok 3 - portrait manifest resolves every texture and length to its exact runtime filename
  ---
  duration_ms: 0.2635
  ...
# Subtest: portrait manifest has exactly the 20 personalized assets and the 21 runtime WebPs
ok 4 - portrait manifest has exactly the 20 personalized assets and the 21 runtime WebPs
  ---
  duration_ms: 0.58525
  ...
# Subtest: only the three approved pixies own their body line
ok 5 - only the three approved pixies own their body line
  ---
  duration_ms: 0.139709
  ...
# Subtest: every portrait entry has exactly three mobile-safe marker button centres
ok 6 - every portrait entry has exactly three mobile-safe marker button centres
  ---
  duration_ms: 0.342667
  ...
# Subtest: resolver uses the config's already-normalized treated pattern and generic fallback
ok 7 - resolver uses the config's already-normalized treated pattern and generic fallback
  ---
  duration_ms: 0.082917
  ...
# Subtest: portrait lab keeps the development and Preview guard at the route boundary
ok 8 - portrait lab keeps the development and Preview guard at the route boundary
  ---
  duration_ms: 0.140625
  ...
# Subtest: portrait gallery runs all 20 personalized states plus generic through HairPortrait
ok 9 - portrait gallery runs all 20 personalized states plus generic through HairPortrait
  ---
  duration_ms: 18.812125
  ...
# Subtest: all canonical portrait rows follow the approved uniform length ladder
ok 10 - all canonical portrait rows follow the approved uniform length ladder
  ---
  duration_ms: 136.282875
  ...
# Subtest: HairPortrait renders the selected generated portrait as a decorative priority image
ok 11 - HairPortrait renders the selected generated portrait as a decorative priority image
  ---
  duration_ms: 1.2035
  ...
# Subtest: HairPortrait composes the exact visual layers around hair-only assets
ok 12 - HairPortrait composes the exact visual layers around hair-only assets
  ---
  duration_ms: 0.922792
  ...
# Subtest: HairPortrait does not draw the shared body for approved ownBody pixie assets
ok 13 - HairPortrait does not draw the shared body for approved ownBody pixie assets
  ---
  duration_ms: 0.602333
  ...
# Subtest: HairPortrait renders three native marker buttons with accessible selected state
ok 14 - HairPortrait renders three native marker buttons with accessible selected state
  ---
  duration_ms: 0.713375
  ...
# Subtest: HairPortrait exposes potential labels and percentages in each marker's accessible name
ok 15 - HairPortrait exposes potential labels and percentages in each marker's accessible name
  ---
  duration_ms: 1.294625
  ...
# Subtest: HairPortrait keeps generic copy unspecific when portrait axes are incomplete
ok 16 - HairPortrait keeps generic copy unspecific when portrait axes are incomplete
  ---
  duration_ms: 1.332458
  ...
# Subtest: HairPortrait uses neutral visible labels for legacy fallback markers
ok 17 - HairPortrait uses neutral visible labels for legacy fallback markers
  ---
  duration_ms: 0.861084
  ...
# Subtest: HairPortrait image fallback accepts absolute selected failures for the same path only
ok 18 - HairPortrait image fallback accepts absolute selected failures for the same path only
  ---
  duration_ms: 0.143458
  ...
# Subtest: HairPortrait image fallback ignores duplicate or stale selected failures after generic renders
ok 19 - HairPortrait image fallback ignores duplicate or stale selected failures after generic renders
  ---
  duration_ms: 0.174125
  ...
# Subtest: HairPortrait image fallback hides only after the rendered generic image fails
ok 20 - HairPortrait image fallback hides only after the rendered generic image fails
  ---
  duration_ms: 0.041834
  ...
# Subtest: HairPortrait image fallback hides immediately when the selected asset is already generic
ok 21 - HairPortrait image fallback hides immediately when the selected asset is already generic
  ---
  duration_ms: 0.037291
  ...
# Subtest: HairPortrait density does not change the selected asset or visual copy
ok 22 - HairPortrait density does not change the selected asset or visual copy
  ---
  duration_ms: 1.509167
  ...
# Subtest: standard personal-plan option cards reserve a full-width row for the trailing selector
ok 23 - standard personal-plan option cards reserve a full-width row for the trailing selector
  ---
  duration_ms: 0.052292
  ...
# Subtest: both personal-plan option-card branches share press and selected-check motion hooks
ok 24 - both personal-plan option-card branches share press and selected-check motion hooks
  ---
  duration_ms: 0.04325
  ...
# Subtest: derivePortraitConfig covers every required length, structure, and density axis
ok 25 - derivePortraitConfig covers every required length, structure, and density axis
  ---
  duration_ms: 0.314292
  ...
# Subtest: shape-changing treatments alter treated lengths while natural roots stay natural
ok 26 - shape-changing treatments alter treated lengths while natural roots stay natural
  ---
  duration_ms: 0.057208
  ...
# Subtest: contradictory perm and straightening use the natural fallback instead of generic
ok 27 - contradictory perm and straightening use the natural fallback instead of generic
  ---
  duration_ms: 0.032917
  ...
# Subtest: colour and bleach treatments are visually ignored
ok 28 - colour and bleach treatments are visually ignored
  ---
  duration_ms: 0.056625
  ...
# Subtest: missing or invalid required portrait axes return the explicit generic config
ok 29 - missing or invalid required portrait axes return the explicit generic config
  ---
  duration_ms: 0.088583
  ...
# Subtest: ignored quiz inputs leave the portrait config equal
ok 30 - ignored quiz inputs leave the portrait config equal
  ---
  duration_ms: 0.069083
  ...
# Subtest: src/components/quiz/quiz-question.tsx: single-tap advance uses MOTION_MS.settle, no private delay
ok 31 - src/components/quiz/quiz-question.tsx: single-tap advance uses MOTION_MS.settle, no private delay
  ---
  duration_ms: 0.293125
  ...
# Subtest: src/components/quiz/quiz-scalp-question.tsx: single-tap advance uses MOTION_MS.settle, no private delay
ok 32 - src/components/quiz/quiz-scalp-question.tsx: single-tap advance uses MOTION_MS.settle, no private delay
  ---
  duration_ms: 0.21175
  ...
# Subtest: src/components/personal-plan-quiz/personal-plan-quiz.tsx: single-tap advance uses MOTION_MS.settle, no private delay
ok 33 - src/components/personal-plan-quiz/personal-plan-quiz.tsx: single-tap advance uses MOTION_MS.settle, no private delay
  ---
  duration_ms: 0.366125
  ...
# Subtest: src/components/quiz/quiz-main-problem-sheet.tsx: single-tap advance uses MOTION_MS.settle, no private delay
ok 34 - src/components/quiz/quiz-main-problem-sheet.tsx: single-tap advance uses MOTION_MS.settle, no private delay
  ---
  duration_ms: 0.076875
  ...
# Subtest: both quiz shells keep the outgoing step until the incoming one has entered
ok 35 - both quiz shells keep the outgoing step until the incoming one has entered
  ---
  duration_ms: 0.367709
  ...
# Subtest: the quiz step classes run on the motion tokens
ok 36 - the quiz step classes run on the motion tokens
  ---
  duration_ms: 0.312416
  ...
# Subtest: quiz option card keeps trailing info outside the selectable card button
ok 37 - quiz option card keeps trailing info outside the selectable card button
  ---
  duration_ms: 7.573333
  ...
# Subtest: grid image cards use the compact mobile footer while keeping their description accessible
ok 38 - grid image cards use the compact mobile footer while keeping their description accessible
  ---
  duration_ms: 1.122541
  ...
# Subtest: grid portrait cards fit the complete silhouette to the fixed media height
ok 39 - grid portrait cards fit the complete silhouette to the fixed media height
  ---
  duration_ms: 0.734042
  ...
# Subtest: thumbnail image cards keep their explanatory description visible on mobile
ok 40 - thumbnail image cards keep their explanatory description visible on mobile
  ---
  duration_ms: 0.469167
  ...
# Subtest: single-select screen syncs prop changes and cancels delayed selection on back
ok 41 - single-select screen syncs prop changes and cancels delayed selection on back
  ---
  duration_ms: 0.773041
  ...
# Subtest: tool image grid cards keep their description visible on mobile and fill the row height
ok 42 - tool image grid cards keep their description visible on mobile and fill the row height
  ---
  duration_ms: 0.675708
  ...
# Subtest: tool grid options without an image fall back to the icon row card
ok 43 - tool grid options without an image fall back to the icon row card
  ---
  duration_ms: 0.57375
  ...
# Subtest: batch 8: the card's own fade-in is on by default and can be switched off
ok 44 - batch 8: the card's own fade-in is on by default and can be switched off
  ---
  duration_ms: 0.321291
  ...
# Subtest: batch 8: a pending parent keeps the selected card clearly selected and not dimmed
ok 45 - batch 8: a pending parent keeps the selected card clearly selected and not dimmed
  ---
  duration_ms: 0.303
  ...
1..45
# tests 45
# suites 0
# pass 45
# fail 0
# cancelled 0
# skipped 0
# todo 0
# duration_ms 587.189291
